2025-01-08T20:47:28.061-03:00  INFO 107362 --- [mail-ms] [main] c.h.mail_ms.mail_ms.MailMsApplication    : Starting MailMsApplication using Java 21.0.1 with PID 107362 (/home/fischer/Dev/help.me/mail-ms/target/classes started by fischer in /home/fischer/Dev/help.me/mail-ms)
2025-01-08T20:47:28.099-03:00  INFO 107362 --- [mail-ms] [main] c.h.mail_ms.mail_ms.MailMsApplication    : No active profile set, falling back to 1 default profile: "default"
2025-01-08T20:47:30.933-03:00  INFO 107362 --- [mail-ms] [main] o.s.b.w.embedded.tomcat.TomcatWebServer  : Tomcat initialized with port 8080 (http)
2025-01-08T20:47:30.967-03:00  INFO 107362 --- [mail-ms] [main] o.apache.catalina.core.StandardService   : Starting service [Tomcat]
2025-01-08T20:47:30.968-03:00  INFO 107362 --- [mail-ms] [main] o.apache.catalina.core.StandardEngine    : Starting Servlet engine: [Apache Tomcat/10.1.28]
2025-01-08T20:47:31.090-03:00  INFO 107362 --- [mail-ms] [main] o.a.c.c.C.[Tomcat].[localhost].[/]       : Initializing Spring embedded WebApplicationContext
2025-01-08T20:47:31.091-03:00  INFO 107362 --- [mail-ms] [main] w.s.c.ServletWebServerApplicationContext : Root WebApplicationContext: initialization completed in 2731 ms
2025-01-08T20:47:32.095-03:00  WARN 107362 --- [mail-ms] [main] .s.s.UserDetailsServiceAutoConfiguration : 

Using generated security password: 47f4e4de-71c6-4a66-ae99-d7a410527f15

This generated password is for development use only. Your security configuration must be updated before running your application in production.

2025-01-08T20:47:32.121-03:00  INFO 107362 --- [mail-ms] [main] r$InitializeUserDetailsManagerConfigurer : Global AuthenticationManager configured with UserDetailsService bean with name inMemoryUserDetailsManager
2025-01-08T20:47:33.033-03:00  INFO 107362 --- [mail-ms] [main] o.s.b.w.embedded.tomcat.TomcatWebServer  : Tomcat started on port 8080 (http) with context path '/'
2025-01-08T20:47:33.042-03:00  INFO 107362 --- [mail-ms] [main] o.s.a.r.c.CachingConnectionFactory       : Attempting to connect to: [localhost:5672]
2025-01-08T20:47:33.158-03:00  INFO 107362 --- [mail-ms] [main] o.s.a.r.c.CachingConnectionFactory       : Created new connection: rabbitConnectionFactory#6d074b14:0/SimpleConnection@2313db84 [delegate=amqp://guest@127.0.0.1:5672/, localPort=49730]
2025-01-08T20:47:33.175-03:00  INFO 107362 --- [mail-ms] [main] o.s.amqp.rabbit.core.RabbitAdmin         : Auto-declaring a non-durable, auto-delete, or exclusive Queue (emailQueue) durable:false, auto-delete:false, exclusive:false. It will be redeclared if the broker stops and is restarted while the connection factory is alive, but all messages will be lost.
2025-01-08T20:47:33.346-03:00  INFO 107362 --- [mail-ms] [main] c.h.mail_ms.mail_ms.MailMsApplication    : Started MailMsApplication in 6.475 seconds (process running for 7.577)
2025-01-08T20:47:33.346-03:00  INFO 107362 --- [mail-ms] [org.springframework.amqp.rabbit.RabbitListenerEndpointContainer#0-1] c.h.m.m.e.NotificationEventListener      : Reading message from queue...
2025-01-08T20:47:33.363-03:00 ERROR 107362 --- [mail-ms] [org.springframework.amqp.rabbit.RabbitListenerEndpointContainer#0-1] c.h.m.m.e.NotificationEventListener      : Failed to parse message

java.lang.IllegalArgumentException: Failed to parse message:  asd
	at com.helpme.mail_ms.mail_ms.model.MessageBuilder.parse(MessageBuilder.java:17) ~[classes/:na]
	at com.helpme.mail_ms.mail_ms.events.NotificationEventListener.listen(NotificationEventListener.java:39) ~[classes/:na]
	at java.base/jdk.internal.reflect.DirectMethodHandleAccessor.invoke(DirectMethodHandleAccessor.java:103) ~[na:na]
	at java.base/java.lang.reflect.Method.invoke(Method.java:580) ~[na:na]
	at org.springframework.messaging.handler.invocation.InvocableHandlerMethod.doInvoke(InvocableHandlerMethod.java:169) ~[spring-messaging-6.1.12.jar:6.1.12]
	at org.springframework.amqp.rabbit.listener.adapter.KotlinAwareInvocableHandlerMethod.doInvoke(KotlinAwareInvocableHandlerMethod.java:45) ~[spring-rabbit-3.1.7.jar:3.1.7]
	at org.springframework.messaging.handler.invocation.InvocableHandlerMethod.invoke(InvocableHandlerMethod.java:119) ~[spring-messaging-6.1.12.jar:6.1.12]
	at org.springframework.amqp.rabbit.listener.adapter.HandlerAdapter.invoke(HandlerAdapter.java:75) ~[spring-rabbit-3.1.7.jar:3.1.7]
	at org.springframework.amqp.rabbit.listener.adapter.MessagingMessageListenerAdapter.invokeHandler(MessagingMessageListenerAdapter.java:278) ~[spring-rabbit-3.1.7.jar:3.1.7]
	at org.springframework.amqp.rabbit.listener.adapter.MessagingMessageListenerAdapter.invokeHandlerAndProcessResult(MessagingMessageListenerAdapter.java:225) ~[spring-rabbit-3.1.7.jar:3.1.7]
	at org.springframework.amqp.rabbit.listener.adapter.MessagingMessageListenerAdapter.onMessage(MessagingMessageListenerAdapter.java:149) ~[spring-rabbit-3.1.7.jar:3.1.7]
	at org.springframework.amqp.rabbit.listener.AbstractMessageListenerContainer.doInvokeListener(AbstractMessageListenerContainer.java:1682) ~[spring-rabbit-3.1.7.jar:3.1.7]
	at org.springframework.amqp.rabbit.listener.AbstractMessageListenerContainer.actualInvokeListener(AbstractMessageListenerContainer.java:1604) ~[spring-rabbit-3.1.7.jar:3.1.7]
	at org.springframework.amqp.rabbit.listener.AbstractMessageListenerContainer.invokeListener(AbstractMessageListenerContainer.java:1592) ~[spring-rabbit-3.1.7.jar:3.1.7]
	at org.springframework.amqp.rabbit.listener.AbstractMessageListenerContainer.doExecuteListener(AbstractMessageListenerContainer.java:1583) ~[spring-rabbit-3.1.7.jar:3.1.7]
	at org.springframework.amqp.rabbit.listener.AbstractMessageListenerContainer.executeListenerAndHandleException(AbstractMessageListenerContainer.java:1528) ~[spring-rabbit-3.1.7.jar:3.1.7]
	at org.springframework.amqp.rabbit.listener.AbstractMessageListenerContainer.lambda$executeListener$8(AbstractMessageListenerContainer.java:1506) ~[spring-rabbit-3.1.7.jar:3.1.7]
	at io.micrometer.observation.Observation.observe(Observation.java:499) ~[micrometer-observation-1.13.3.jar:1.13.3]
	at org.springframework.amqp.rabbit.listener.AbstractMessageListenerContainer.executeListener(AbstractMessageListenerContainer.java:1506) ~[spring-rabbit-3.1.7.jar:3.1.7]
	at org.springframework.amqp.rabbit.listener.SimpleMessageListenerContainer.doReceiveAndExecute(SimpleMessageListenerContainer.java:1082) ~[spring-rabbit-3.1.7.jar:3.1.7]
	at org.springframework.amqp.rabbit.listener.SimpleMessageListenerContainer.receiveAndExecute(SimpleMessageListenerContainer.java:1018) ~[spring-rabbit-3.1.7.jar:3.1.7]
	at org.springframework.amqp.rabbit.listener.SimpleMessageListenerContainer$AsyncMessageProcessingConsumer.mainLoop(SimpleMessageListenerContainer.java:1421) ~[spring-rabbit-3.1.7.jar:3.1.7]
	at org.springframework.amqp.rabbit.listener.SimpleMessageListenerContainer$AsyncMessageProcessingConsumer.run(SimpleMessageListenerContainer.java:1322) ~[spring-rabbit-3.1.7.jar:3.1.7]
	at java.base/java.lang.Thread.run(Thread.java:1583) ~[na:na]
Caused by: com.fasterxml.jackson.core.JsonParseException: Unrecognized token 'asd': was expecting (JSON String, Number, Array, Object or token 'null', 'true' or 'false')
 at [Source: REDACTED (`StreamReadFeature.INCLUDE_SOURCE_IN_LOCATION` disabled); line: 1, column: 5]
	at com.fasterxml.jackson.core.JsonParser._constructError(JsonParser.java:2572) ~[jackson-core-2.17.2.jar:2.17.2]
	at com.fasterxml.jackson.core.JsonParser._constructReadException(JsonParser.java:2598) ~[jackson-core-2.17.2.jar:2.17.2]
	at com.fasterxml.jackson.core.JsonParser._constructReadException(JsonParser.java:2606) ~[jackson-core-2.17.2.jar:2.17.2]
	at com.fasterxml.jackson.core.base.ParserMinimalBase._reportError(ParserMinimalBase.java:765) ~[jackson-core-2.17.2.jar:2.17.2]
	at com.fasterxml.jackson.core.json.ReaderBasedJsonParser._reportInvalidToken(ReaderBasedJsonParser.java:3018) ~[jackson-core-2.17.2.jar:2.17.2]
	at com.fasterxml.jackson.core.json.ReaderBasedJsonParser._handleOddValue(ReaderBasedJsonParser.java:2052) ~[jackson-core-2.17.2.jar:2.17.2]
	at com.fasterxml.jackson.core.json.ReaderBasedJsonParser.nextToken(ReaderBasedJsonParser.java:780) ~[jackson-core-2.17.2.jar:2.17.2]
	at com.fasterxml.jackson.databind.ObjectMapper._initForReading(ObjectMapper.java:4992) ~[jackson-databind-2.17.2.jar:2.17.2]
	at com.fasterxml.jackson.databind.ObjectMapper._readMapAndClose(ObjectMapper.java:4898) ~[jackson-databind-2.17.2.jar:2.17.2]
	at com.fasterxml.jackson.databind.ObjectMapper.readValue(ObjectMapper.java:3848) ~[jackson-databind-2.17.2.jar:2.17.2]
	at com.fasterxml.jackson.databind.ObjectMapper.readValue(ObjectMapper.java:3816) ~[jackson-databind-2.17.2.jar:2.17.2]
	at com.helpme.mail_ms.mail_ms.model.MessageBuilder.parse(MessageBuilder.java:15) ~[classes/:na]
	... 23 common frames omitted

2025-01-08T20:47:45.875-03:00  INFO 107362 --- [mail-ms] [org.springframework.amqp.rabbit.RabbitListenerEndpointContainer#0-1] c.h.m.m.e.NotificationEventListener      : Reading message from queue...
2025-01-08T20:47:45.876-03:00 ERROR 107362 --- [mail-ms] [org.springframework.amqp.rabbit.RabbitListenerEndpointContainer#0-1] c.h.m.m.e.NotificationEventListener      : Failed to parse message

java.lang.IllegalArgumentException: Failed to parse message:  asd
	at com.helpme.mail_ms.mail_ms.model.MessageBuilder.parse(MessageBuilder.java:17) ~[classes/:na]
	at com.helpme.mail_ms.mail_ms.events.NotificationEventListener.listen(NotificationEventListener.java:39) ~[classes/:na]
	at java.base/jdk.internal.reflect.DirectMethodHandleAccessor.invoke(DirectMethodHandleAccessor.java:103) ~[na:na]
	at java.base/java.lang.reflect.Method.invoke(Method.java:580) ~[na:na]
	at org.springframework.messaging.handler.invocation.InvocableHandlerMethod.doInvoke(InvocableHandlerMethod.java:169) ~[spring-messaging-6.1.12.jar:6.1.12]
	at org.springframework.amqp.rabbit.listener.adapter.KotlinAwareInvocableHandlerMethod.doInvoke(KotlinAwareInvocableHandlerMethod.java:45) ~[spring-rabbit-3.1.7.jar:3.1.7]
	at org.springframework.messaging.handler.invocation.InvocableHandlerMethod.invoke(InvocableHandlerMethod.java:119) ~[spring-messaging-6.1.12.jar:6.1.12]
	at org.springframework.amqp.rabbit.listener.adapter.HandlerAdapter.invoke(HandlerAdapter.java:75) ~[spring-rabbit-3.1.7.jar:3.1.7]
	at org.springframework.amqp.rabbit.listener.adapter.MessagingMessageListenerAdapter.invokeHandler(MessagingMessageListenerAdapter.java:278) ~[spring-rabbit-3.1.7.jar:3.1.7]
	at org.springframework.amqp.rabbit.listener.adapter.MessagingMessageListenerAdapter.invokeHandlerAndProcessResult(MessagingMessageListenerAdapter.java:225) ~[spring-rabbit-3.1.7.jar:3.1.7]
	at org.springframework.amqp.rabbit.listener.adapter.MessagingMessageListenerAdapter.onMessage(MessagingMessageListenerAdapter.java:149) ~[spring-rabbit-3.1.7.jar:3.1.7]
	at org.springframework.amqp.rabbit.listener.AbstractMessageListenerContainer.doInvokeListener(AbstractMessageListenerContainer.java:1682) ~[spring-rabbit-3.1.7.jar:3.1.7]
	at org.springframework.amqp.rabbit.listener.AbstractMessageListenerContainer.actualInvokeListener(AbstractMessageListenerContainer.java:1604) ~[spring-rabbit-3.1.7.jar:3.1.7]
	at org.springframework.amqp.rabbit.listener.AbstractMessageListenerContainer.invokeListener(AbstractMessageListenerContainer.java:1592) ~[spring-rabbit-3.1.7.jar:3.1.7]
	at org.springframework.amqp.rabbit.listener.AbstractMessageListenerContainer.doExecuteListener(AbstractMessageListenerContainer.java:1583) ~[spring-rabbit-3.1.7.jar:3.1.7]
	at org.springframework.amqp.rabbit.listener.AbstractMessageListenerContainer.executeListenerAndHandleException(AbstractMessageListenerContainer.java:1528) ~[spring-rabbit-3.1.7.jar:3.1.7]
	at org.springframework.amqp.rabbit.listener.AbstractMessageListenerContainer.lambda$executeListener$8(AbstractMessageListenerContainer.java:1506) ~[spring-rabbit-3.1.7.jar:3.1.7]
	at io.micrometer.observation.Observation.observe(Observation.java:499) ~[micrometer-observation-1.13.3.jar:1.13.3]
	at org.springframework.amqp.rabbit.listener.AbstractMessageListenerContainer.executeListener(AbstractMessageListenerContainer.java:1506) ~[spring-rabbit-3.1.7.jar:3.1.7]
	at org.springframework.amqp.rabbit.listener.SimpleMessageListenerContainer.doReceiveAndExecute(SimpleMessageListenerContainer.java:1082) ~[spring-rabbit-3.1.7.jar:3.1.7]
	at org.springframework.amqp.rabbit.listener.SimpleMessageListenerContainer.receiveAndExecute(SimpleMessageListenerContainer.java:1018) ~[spring-rabbit-3.1.7.jar:3.1.7]
	at org.springframework.amqp.rabbit.listener.SimpleMessageListenerContainer$AsyncMessageProcessingConsumer.mainLoop(SimpleMessageListenerContainer.java:1421) ~[spring-rabbit-3.1.7.jar:3.1.7]
	at org.springframework.amqp.rabbit.listener.SimpleMessageListenerContainer$AsyncMessageProcessingConsumer.run(SimpleMessageListenerContainer.java:1322) ~[spring-rabbit-3.1.7.jar:3.1.7]
	at java.base/java.lang.Thread.run(Thread.java:1583) ~[na:na]
Caused by: com.fasterxml.jackson.core.JsonParseException: Unrecognized token 'asd': was expecting (JSON String, Number, Array, Object or token 'null', 'true' or 'false')
 at [Source: REDACTED (`StreamReadFeature.INCLUDE_SOURCE_IN_LOCATION` disabled); line: 1, column: 5]
	at com.fasterxml.jackson.core.JsonParser._constructError(JsonParser.java:2572) ~[jackson-core-2.17.2.jar:2.17.2]
	at com.fasterxml.jackson.core.JsonParser._constructReadException(JsonParser.java:2598) ~[jackson-core-2.17.2.jar:2.17.2]
	at com.fasterxml.jackson.core.JsonParser._constructReadException(JsonParser.java:2606) ~[jackson-core-2.17.2.jar:2.17.2]
	at com.fasterxml.jackson.core.base.ParserMinimalBase._reportError(ParserMinimalBase.java:765) ~[jackson-core-2.17.2.jar:2.17.2]
	at com.fasterxml.jackson.core.json.ReaderBasedJsonParser._reportInvalidToken(ReaderBasedJsonParser.java:3018) ~[jackson-core-2.17.2.jar:2.17.2]
	at com.fasterxml.jackson.core.json.ReaderBasedJsonParser._handleOddValue(ReaderBasedJsonParser.java:2052) ~[jackson-core-2.17.2.jar:2.17.2]
	at com.fasterxml.jackson.core.json.ReaderBasedJsonParser.nextToken(ReaderBasedJsonParser.java:780) ~[jackson-core-2.17.2.jar:2.17.2]
	at com.fasterxml.jackson.databind.ObjectMapper._initForReading(ObjectMapper.java:4992) ~[jackson-databind-2.17.2.jar:2.17.2]
	at com.fasterxml.jackson.databind.ObjectMapper._readMapAndClose(ObjectMapper.java:4898) ~[jackson-databind-2.17.2.jar:2.17.2]
	at com.fasterxml.jackson.databind.ObjectMapper.readValue(ObjectMapper.java:3848) ~[jackson-databind-2.17.2.jar:2.17.2]
	at com.fasterxml.jackson.databind.ObjectMapper.readValue(ObjectMapper.java:3816) ~[jackson-databind-2.17.2.jar:2.17.2]
	at com.helpme.mail_ms.mail_ms.model.MessageBuilder.parse(MessageBuilder.java:15) ~[classes/:na]
	... 23 common frames omitted

2025-01-08T20:48:34.421-03:00  INFO 107362 --- [mail-ms] [org.springframework.amqp.rabbit.RabbitListenerEndpointContainer#0-2] o.s.a.r.l.SimpleMessageListenerContainer : Waiting for workers to finish.
2025-01-08T20:48:34.888-03:00  INFO 107362 --- [mail-ms] [org.springframework.amqp.rabbit.RabbitListenerEndpointContainer#0-2] o.s.a.r.l.SimpleMessageListenerContainer : Successfully waited for workers to finish.
2025-01-08T20:48:40.822-03:00  INFO 111556 --- [mail-ms] [main] c.h.mail_ms.mail_ms.MailMsApplication    : Starting MailMsApplication using Java 21.0.1 with PID 111556 (/home/fischer/Dev/help.me/mail-ms/target/classes started by fischer in /home/fischer/Dev/help.me/mail-ms)
2025-01-08T20:48:40.828-03:00  INFO 111556 --- [mail-ms] [main] c.h.mail_ms.mail_ms.MailMsApplication    : No active profile set, falling back to 1 default profile: "default"
2025-01-08T20:48:43.216-03:00  INFO 111556 --- [mail-ms] [main] o.s.b.w.embedded.tomcat.TomcatWebServer  : Tomcat initialized with port 8080 (http)
2025-01-08T20:48:43.248-03:00  INFO 111556 --- [mail-ms] [main] o.apache.catalina.core.StandardService   : Starting service [Tomcat]
2025-01-08T20:48:43.249-03:00  INFO 111556 --- [mail-ms] [main] o.apache.catalina.core.StandardEngine    : Starting Servlet engine: [Apache Tomcat/10.1.28]
2025-01-08T20:48:43.339-03:00  INFO 111556 --- [mail-ms] [main] o.a.c.c.C.[Tomcat].[localhost].[/]       : Initializing Spring embedded WebApplicationContext
2025-01-08T20:48:43.340-03:00  INFO 111556 --- [mail-ms] [main] w.s.c.ServletWebServerApplicationContext : Root WebApplicationContext: initialization completed in 2381 ms
2025-01-08T20:48:44.419-03:00  WARN 111556 --- [mail-ms] [main] .s.s.UserDetailsServiceAutoConfiguration : 

Using generated security password: 7917ca0a-79fe-4fc3-a332-b385a7b5800e

This generated password is for development use only. Your security configuration must be updated before running your application in production.

2025-01-08T20:48:44.454-03:00  INFO 111556 --- [mail-ms] [main] r$InitializeUserDetailsManagerConfigurer : Global AuthenticationManager configured with UserDetailsService bean with name inMemoryUserDetailsManager
2025-01-08T20:48:45.510-03:00  INFO 111556 --- [mail-ms] [main] o.s.b.w.embedded.tomcat.TomcatWebServer  : Tomcat started on port 8080 (http) with context path '/'
2025-01-08T20:48:45.525-03:00  INFO 111556 --- [mail-ms] [main] o.s.a.r.c.CachingConnectionFactory       : Attempting to connect to: [localhost:5672]
2025-01-08T20:48:45.621-03:00  INFO 111556 --- [mail-ms] [main] o.s.a.r.c.CachingConnectionFactory       : Created new connection: rabbitConnectionFactory#6af91cc8:0/SimpleConnection@2589d787 [delegate=amqp://guest@127.0.0.1:5672/, localPort=55142]
2025-01-08T20:48:45.639-03:00  INFO 111556 --- [mail-ms] [main] o.s.amqp.rabbit.core.RabbitAdmin         : Auto-declaring a non-durable, auto-delete, or exclusive Queue (emailQueue) durable:false, auto-delete:false, exclusive:false. It will be redeclared if the broker stops and is restarted while the connection factory is alive, but all messages will be lost.
2025-01-08T20:48:45.748-03:00  INFO 111556 --- [mail-ms] [main] c.h.mail_ms.mail_ms.MailMsApplication    : Started MailMsApplication in 5.947 seconds (process running for 6.745)
2025-01-08T20:48:50.618-03:00  INFO 111556 --- [mail-ms] [org.springframework.amqp.rabbit.RabbitListenerEndpointContainer#0-1] c.h.m.m.e.NotificationEventListener      : Reading message from queue...
2025-01-08T20:48:50.634-03:00 ERROR 111556 --- [mail-ms] [org.springframework.amqp.rabbit.RabbitListenerEndpointContainer#0-1] c.h.m.m.e.NotificationEventListener      : Failed to parse message
2025-01-08T20:49:22.885-03:00  INFO 111556 --- [mail-ms] [org.springframework.amqp.rabbit.RabbitListenerEndpointContainer#0-2] o.s.a.r.l.SimpleMessageListenerContainer : Waiting for workers to finish.
2025-01-08T20:49:28.787-03:00  INFO 114281 --- [mail-ms] [main] c.h.mail_ms.mail_ms.MailMsApplication    : Starting MailMsApplication using Java 21.0.1 with PID 114281 (/home/fischer/Dev/help.me/mail-ms/target/classes started by fischer in /home/fischer/Dev/help.me/mail-ms)
2025-01-08T20:49:28.793-03:00  INFO 114281 --- [mail-ms] [main] c.h.mail_ms.mail_ms.MailMsApplication    : No active profile set, falling back to 1 default profile: "default"
2025-01-08T20:49:31.341-03:00  INFO 114281 --- [mail-ms] [main] o.s.b.w.embedded.tomcat.TomcatWebServer  : Tomcat initialized with port 8080 (http)
2025-01-08T20:49:31.376-03:00  INFO 114281 --- [mail-ms] [main] o.apache.catalina.core.StandardService   : Starting service [Tomcat]
2025-01-08T20:49:31.377-03:00  INFO 114281 --- [mail-ms] [main] o.apache.catalina.core.StandardEngine    : Starting Servlet engine: [Apache Tomcat/10.1.28]
2025-01-08T20:49:31.492-03:00  INFO 114281 --- [mail-ms] [main] o.a.c.c.C.[Tomcat].[localhost].[/]       : Initializing Spring embedded WebApplicationContext
2025-01-08T20:49:31.493-03:00  INFO 114281 --- [mail-ms] [main] w.s.c.ServletWebServerApplicationContext : Root WebApplicationContext: initialization completed in 2585 ms
2025-01-08T20:49:32.389-03:00  WARN 114281 --- [mail-ms] [main] .s.s.UserDetailsServiceAutoConfiguration : 

Using generated security password: c0b53ee6-cb5a-43e2-baf2-e15578e83e1d

This generated password is for development use only. Your security configuration must be updated before running your application in production.

2025-01-08T20:49:32.422-03:00  INFO 114281 --- [mail-ms] [main] r$InitializeUserDetailsManagerConfigurer : Global AuthenticationManager configured with UserDetailsService bean with name inMemoryUserDetailsManager
2025-01-08T20:49:33.368-03:00  INFO 114281 --- [mail-ms] [main] o.s.b.w.embedded.tomcat.TomcatWebServer  : Tomcat started on port 8080 (http) with context path '/'
2025-01-08T20:49:33.376-03:00  INFO 114281 --- [mail-ms] [main] o.s.a.r.c.CachingConnectionFactory       : Attempting to connect to: [localhost:5672]
2025-01-08T20:49:33.460-03:00  INFO 114281 --- [mail-ms] [main] o.s.a.r.c.CachingConnectionFactory       : Created new connection: rabbitConnectionFactory#6af91cc8:0/SimpleConnection@2589d787 [delegate=amqp://guest@127.0.0.1:5672/, localPort=47602]
2025-01-08T20:49:33.476-03:00  INFO 114281 --- [mail-ms] [main] o.s.amqp.rabbit.core.RabbitAdmin         : Auto-declaring a non-durable, auto-delete, or exclusive Queue (emailQueue) durable:false, auto-delete:false, exclusive:false. It will be redeclared if the broker stops and is restarted while the connection factory is alive, but all messages will be lost.
2025-01-08T20:49:33.651-03:00  INFO 114281 --- [mail-ms] [main] c.h.mail_ms.mail_ms.MailMsApplication    : Started MailMsApplication in 5.981 seconds (process running for 6.869)
2025-01-08T20:49:37.122-03:00  INFO 114281 --- [mail-ms] [org.springframework.amqp.rabbit.RabbitListenerEndpointContainer#0-1] c.h.m.m.e.NotificationEventListener      : Reading message from queue...
2025-01-08T20:49:37.141-03:00 ERROR 114281 --- [mail-ms] [org.springframework.amqp.rabbit.RabbitListenerEndpointContainer#0-1] c.h.m.m.e.NotificationEventListener      : Failed to parse message

com.fasterxml.jackson.core.JsonParseException: Unrecognized token 'asd': was expecting (JSON String, Number, Array, Object or token 'null', 'true' or 'false')
 at [Source: REDACTED (`StreamReadFeature.INCLUDE_SOURCE_IN_LOCATION` disabled); line: 1, column: 5]
	at com.fasterxml.jackson.core.JsonParser._constructError(JsonParser.java:2572) ~[jackson-core-2.17.2.jar:2.17.2]
	at com.fasterxml.jackson.core.JsonParser._constructReadException(JsonParser.java:2598) ~[jackson-core-2.17.2.jar:2.17.2]
	at com.fasterxml.jackson.core.JsonParser._constructReadException(JsonParser.java:2606) ~[jackson-core-2.17.2.jar:2.17.2]
	at com.fasterxml.jackson.core.base.ParserMinimalBase._reportError(ParserMinimalBase.java:765) ~[jackson-core-2.17.2.jar:2.17.2]
	at com.fasterxml.jackson.core.json.ReaderBasedJsonParser._reportInvalidToken(ReaderBasedJsonParser.java:3018) ~[jackson-core-2.17.2.jar:2.17.2]
	at com.fasterxml.jackson.core.json.ReaderBasedJsonParser._handleOddValue(ReaderBasedJsonParser.java:2052) ~[jackson-core-2.17.2.jar:2.17.2]
	at com.fasterxml.jackson.core.json.ReaderBasedJsonParser.nextToken(ReaderBasedJsonParser.java:780) ~[jackson-core-2.17.2.jar:2.17.2]
	at com.fasterxml.jackson.databind.ObjectMapper._initForReading(ObjectMapper.java:4992) ~[jackson-databind-2.17.2.jar:2.17.2]
	at com.fasterxml.jackson.databind.ObjectMapper._readMapAndClose(ObjectMapper.java:4898) ~[jackson-databind-2.17.2.jar:2.17.2]
	at com.fasterxml.jackson.databind.ObjectMapper.readValue(ObjectMapper.java:3848) ~[jackson-databind-2.17.2.jar:2.17.2]
	at com.fasterxml.jackson.databind.ObjectMapper.readValue(ObjectMapper.java:3816) ~[jackson-databind-2.17.2.jar:2.17.2]
	at com.helpme.mail_ms.mail_ms.model.MessageBuilder.parse(MessageBuilder.java:15) ~[classes/:na]
	at com.helpme.mail_ms.mail_ms.events.NotificationEventListener.listen(NotificationEventListener.java:39) ~[classes/:na]
	at java.base/jdk.internal.reflect.DirectMethodHandleAccessor.invoke(DirectMethodHandleAccessor.java:103) ~[na:na]
	at java.base/java.lang.reflect.Method.invoke(Method.java:580) ~[na:na]
	at org.springframework.messaging.handler.invocation.InvocableHandlerMethod.doInvoke(InvocableHandlerMethod.java:169) ~[spring-messaging-6.1.12.jar:6.1.12]
	at org.springframework.amqp.rabbit.listener.adapter.KotlinAwareInvocableHandlerMethod.doInvoke(KotlinAwareInvocableHandlerMethod.java:45) ~[spring-rabbit-3.1.7.jar:3.1.7]
	at org.springframework.messaging.handler.invocation.InvocableHandlerMethod.invoke(InvocableHandlerMethod.java:119) ~[spring-messaging-6.1.12.jar:6.1.12]
	at org.springframework.amqp.rabbit.listener.adapter.HandlerAdapter.invoke(HandlerAdapter.java:75) ~[spring-rabbit-3.1.7.jar:3.1.7]
	at org.springframework.amqp.rabbit.listener.adapter.MessagingMessageListenerAdapter.invokeHandler(MessagingMessageListenerAdapter.java:278) ~[spring-rabbit-3.1.7.jar:3.1.7]
	at org.springframework.amqp.rabbit.listener.adapter.MessagingMessageListenerAdapter.invokeHandlerAndProcessResult(MessagingMessageListenerAdapter.java:225) ~[spring-rabbit-3.1.7.jar:3.1.7]
	at org.springframework.amqp.rabbit.listener.adapter.MessagingMessageListenerAdapter.onMessage(MessagingMessageListenerAdapter.java:149) ~[spring-rabbit-3.1.7.jar:3.1.7]
	at org.springframework.amqp.rabbit.listener.AbstractMessageListenerContainer.doInvokeListener(AbstractMessageListenerContainer.java:1682) ~[spring-rabbit-3.1.7.jar:3.1.7]
	at org.springframework.amqp.rabbit.listener.AbstractMessageListenerContainer.actualInvokeListener(AbstractMessageListenerContainer.java:1604) ~[spring-rabbit-3.1.7.jar:3.1.7]
	at org.springframework.amqp.rabbit.listener.AbstractMessageListenerContainer.invokeListener(AbstractMessageListenerContainer.java:1592) ~[spring-rabbit-3.1.7.jar:3.1.7]
	at org.springframework.amqp.rabbit.listener.AbstractMessageListenerContainer.doExecuteListener(AbstractMessageListenerContainer.java:1583) ~[spring-rabbit-3.1.7.jar:3.1.7]
	at org.springframework.amqp.rabbit.listener.AbstractMessageListenerContainer.executeListenerAndHandleException(AbstractMessageListenerContainer.java:1528) ~[spring-rabbit-3.1.7.jar:3.1.7]
	at org.springframework.amqp.rabbit.listener.AbstractMessageListenerContainer.lambda$executeListener$8(AbstractMessageListenerContainer.java:1506) ~[spring-rabbit-3.1.7.jar:3.1.7]
	at io.micrometer.observation.Observation.observe(Observation.java:499) ~[micrometer-observation-1.13.3.jar:1.13.3]
	at org.springframework.amqp.rabbit.listener.AbstractMessageListenerContainer.executeListener(AbstractMessageListenerContainer.java:1506) ~[spring-rabbit-3.1.7.jar:3.1.7]
	at org.springframework.amqp.rabbit.listener.SimpleMessageListenerContainer.doReceiveAndExecute(SimpleMessageListenerContainer.java:1082) ~[spring-rabbit-3.1.7.jar:3.1.7]
	at org.springframework.amqp.rabbit.listener.SimpleMessageListenerContainer.receiveAndExecute(SimpleMessageListenerContainer.java:1018) ~[spring-rabbit-3.1.7.jar:3.1.7]
	at org.springframework.amqp.rabbit.listener.SimpleMessageListenerContainer$AsyncMessageProcessingConsumer.mainLoop(SimpleMessageListenerContainer.java:1421) ~[spring-rabbit-3.1.7.jar:3.1.7]
	at org.springframework.amqp.rabbit.listener.SimpleMessageListenerContainer$AsyncMessageProcessingConsumer.run(SimpleMessageListenerContainer.java:1322) ~[spring-rabbit-3.1.7.jar:3.1.7]
	at java.base/java.lang.Thread.run(Thread.java:1583) ~[na:na]

2025-01-08T20:50:02.527-03:00  INFO 114281 --- [mail-ms] [org.springframework.amqp.rabbit.RabbitListenerEndpointContainer#0-2] o.s.a.r.l.SimpleMessageListenerContainer : Waiting for workers to finish.
2025-01-08T20:50:08.140-03:00  INFO 116593 --- [mail-ms] [main] c.h.mail_ms.mail_ms.MailMsApplication    : Starting MailMsApplication using Java 21.0.1 with PID 116593 (/home/fischer/Dev/help.me/mail-ms/target/classes started by fischer in /home/fischer/Dev/help.me/mail-ms)
2025-01-08T20:50:08.147-03:00  INFO 116593 --- [mail-ms] [main] c.h.mail_ms.mail_ms.MailMsApplication    : No active profile set, falling back to 1 default profile: "default"
2025-01-08T20:50:10.606-03:00  INFO 116593 --- [mail-ms] [main] o.s.b.w.embedded.tomcat.TomcatWebServer  : Tomcat initialized with port 8080 (http)
2025-01-08T20:50:10.645-03:00  INFO 116593 --- [mail-ms] [main] o.apache.catalina.core.StandardService   : Starting service [Tomcat]
2025-01-08T20:50:10.646-03:00  INFO 116593 --- [mail-ms] [main] o.apache.catalina.core.StandardEngine    : Starting Servlet engine: [Apache Tomcat/10.1.28]
2025-01-08T20:50:10.780-03:00  INFO 116593 --- [mail-ms] [main] o.a.c.c.C.[Tomcat].[localhost].[/]       : Initializing Spring embedded WebApplicationContext
2025-01-08T20:50:10.782-03:00  INFO 116593 --- [mail-ms] [main] w.s.c.ServletWebServerApplicationContext : Root WebApplicationContext: initialization completed in 2496 ms
2025-01-08T20:50:12.095-03:00  WARN 116593 --- [mail-ms] [main] .s.s.UserDetailsServiceAutoConfiguration : 

Using generated security password: bc0a5aad-0fac-40e6-9acc-d39a6b04fab7

This generated password is for development use only. Your security configuration must be updated before running your application in production.

2025-01-08T20:50:12.132-03:00  INFO 116593 --- [mail-ms] [main] r$InitializeUserDetailsManagerConfigurer : Global AuthenticationManager configured with UserDetailsService bean with name inMemoryUserDetailsManager
2025-01-08T20:50:13.214-03:00  INFO 116593 --- [mail-ms] [main] o.s.b.w.embedded.tomcat.TomcatWebServer  : Tomcat started on port 8080 (http) with context path '/'
2025-01-08T20:50:13.225-03:00  INFO 116593 --- [mail-ms] [main] o.s.a.r.c.CachingConnectionFactory       : Attempting to connect to: [localhost:5672]
2025-01-08T20:50:13.331-03:00  INFO 116593 --- [mail-ms] [main] o.s.a.r.c.CachingConnectionFactory       : Created new connection: rabbitConnectionFactory#6af91cc8:0/SimpleConnection@2589d787 [delegate=amqp://guest@127.0.0.1:5672/, localPort=41414]
2025-01-08T20:50:13.349-03:00  INFO 116593 --- [mail-ms] [main] o.s.amqp.rabbit.core.RabbitAdmin         : Auto-declaring a non-durable, auto-delete, or exclusive Queue (emailQueue) durable:false, auto-delete:false, exclusive:false. It will be redeclared if the broker stops and is restarted while the connection factory is alive, but all messages will be lost.
2025-01-08T20:50:13.509-03:00  INFO 116593 --- [mail-ms] [main] c.h.mail_ms.mail_ms.MailMsApplication    : Started MailMsApplication in 6.446 seconds (process running for 7.26)
2025-01-08T20:50:13.510-03:00  INFO 116593 --- [mail-ms] [org.springframework.amqp.rabbit.RabbitListenerEndpointContainer#0-1] c.h.m.m.e.NotificationEventListener      : Reading message from queue...
2025-01-08T20:50:13.547-03:00 ERROR 116593 --- [mail-ms] [org.springframework.amqp.rabbit.RabbitListenerEndpointContainer#0-1] c.h.m.m.e.NotificationEventListener      : Failed to parse message
2025-01-08T20:53:54.730-03:00  INFO 116593 --- [mail-ms] [org.springframework.amqp.rabbit.RabbitListenerEndpointContainer#0-2] o.s.a.r.l.SimpleMessageListenerContainer : Waiting for workers to finish.
2025-01-08T20:53:55.602-03:00  INFO 116593 --- [mail-ms] [org.springframework.amqp.rabbit.RabbitListenerEndpointContainer#0-2] o.s.a.r.l.SimpleMessageListenerContainer : Successfully waited for workers to finish.
2025-01-08T20:54:02.100-03:00  INFO 129677 --- [mail-ms] [main] c.h.mail_ms.mail_ms.MailMsApplication    : Starting MailMsApplication using Java 21.0.1 with PID 129677 (/home/fischer/Dev/help.me/mail-ms/target/classes started by fischer in /home/fischer/Dev/help.me/mail-ms)
2025-01-08T20:54:02.106-03:00  INFO 129677 --- [mail-ms] [main] c.h.mail_ms.mail_ms.MailMsApplication    : No active profile set, falling back to 1 default profile: "default"
2025-01-08T20:54:04.719-03:00  INFO 129677 --- [mail-ms] [main] o.s.b.w.embedded.tomcat.TomcatWebServer  : Tomcat initialized with port 8080 (http)
2025-01-08T20:54:04.753-03:00  INFO 129677 --- [mail-ms] [main] o.apache.catalina.core.StandardService   : Starting service [Tomcat]
2025-01-08T20:54:04.754-03:00  INFO 129677 --- [mail-ms] [main] o.apache.catalina.core.StandardEngine    : Starting Servlet engine: [Apache Tomcat/10.1.28]
2025-01-08T20:54:04.852-03:00  INFO 129677 --- [mail-ms] [main] o.a.c.c.C.[Tomcat].[localhost].[/]       : Initializing Spring embedded WebApplicationContext
2025-01-08T20:54:04.853-03:00  INFO 129677 --- [mail-ms] [main] w.s.c.ServletWebServerApplicationContext : Root WebApplicationContext: initialization completed in 2642 ms
2025-01-08T20:54:05.862-03:00  WARN 129677 --- [mail-ms] [main] .s.s.UserDetailsServiceAutoConfiguration : 

Using generated security password: d2d3d574-b80e-406b-a7f2-dcfd9c5b904b

This generated password is for development use only. Your security configuration must be updated before running your application in production.

2025-01-08T20:54:05.890-03:00  INFO 129677 --- [mail-ms] [main] r$InitializeUserDetailsManagerConfigurer : Global AuthenticationManager configured with UserDetailsService bean with name inMemoryUserDetailsManager
2025-01-08T20:54:07.163-03:00  INFO 129677 --- [mail-ms] [main] o.s.b.w.embedded.tomcat.TomcatWebServer  : Tomcat started on port 8080 (http) with context path '/'
2025-01-08T20:54:07.176-03:00  INFO 129677 --- [mail-ms] [main] o.s.a.r.c.CachingConnectionFactory       : Attempting to connect to: [localhost:5672]
2025-01-08T20:54:07.300-03:00  INFO 129677 --- [mail-ms] [main] o.s.a.r.c.CachingConnectionFactory       : Created new connection: rabbitConnectionFactory#6af91cc8:0/SimpleConnection@2589d787 [delegate=amqp://guest@127.0.0.1:5672/, localPort=37200]
2025-01-08T20:54:07.318-03:00  INFO 129677 --- [mail-ms] [main] o.s.amqp.rabbit.core.RabbitAdmin         : Auto-declaring a non-durable, auto-delete, or exclusive Queue (emailQueue) durable:false, auto-delete:false, exclusive:false. It will be redeclared if the broker stops and is restarted while the connection factory is alive, but all messages will be lost.
2025-01-08T20:54:07.454-03:00  INFO 129677 --- [mail-ms] [main] c.h.mail_ms.mail_ms.MailMsApplication    : Started MailMsApplication in 6.518 seconds (process running for 7.454)
2025-01-08T20:54:11.667-03:00  INFO 129677 --- [mail-ms] [org.springframework.amqp.rabbit.RabbitListenerEndpointContainer#0-1] c.h.m.m.e.NotificationEventListener      : Reading message from queue...
2025-01-08T20:54:11.682-03:00 ERROR 129677 --- [mail-ms] [org.springframework.amqp.rabbit.RabbitListenerEndpointContainer#0-1] c.h.m.m.e.NotificationEventListener      : Failed to parse message
2025-01-08T20:55:12.386-03:00  INFO 129677 --- [mail-ms] [org.springframework.amqp.rabbit.RabbitListenerEndpointContainer#0-2] o.s.a.r.l.SimpleMessageListenerContainer : Waiting for workers to finish.
2025-01-08T20:55:12.702-03:00  INFO 129677 --- [mail-ms] [org.springframework.amqp.rabbit.RabbitListenerEndpointContainer#0-2] o.s.a.r.l.SimpleMessageListenerContainer : Successfully waited for workers to finish.
2025-01-08T20:55:17.660-03:00  INFO 134066 --- [mail-ms] [main] c.h.mail_ms.mail_ms.MailMsApplication    : Starting MailMsApplication using Java 21.0.1 with PID 134066 (/home/fischer/Dev/help.me/mail-ms/target/classes started by fischer in /home/fischer/Dev/help.me/mail-ms)
2025-01-08T20:55:17.666-03:00  INFO 134066 --- [mail-ms] [main] c.h.mail_ms.mail_ms.MailMsApplication    : No active profile set, falling back to 1 default profile: "default"
2025-01-08T20:55:19.924-03:00  INFO 134066 --- [mail-ms] [main] o.s.b.w.embedded.tomcat.TomcatWebServer  : Tomcat initialized with port 8080 (http)
2025-01-08T20:55:19.954-03:00  INFO 134066 --- [mail-ms] [main] o.apache.catalina.core.StandardService   : Starting service [Tomcat]
2025-01-08T20:55:19.956-03:00  INFO 134066 --- [mail-ms] [main] o.apache.catalina.core.StandardEngine    : Starting Servlet engine: [Apache Tomcat/10.1.28]
2025-01-08T20:55:20.089-03:00  INFO 134066 --- [mail-ms] [main] o.a.c.c.C.[Tomcat].[localhost].[/]       : Initializing Spring embedded WebApplicationContext
2025-01-08T20:55:20.090-03:00  INFO 134066 --- [mail-ms] [main] w.s.c.ServletWebServerApplicationContext : Root WebApplicationContext: initialization completed in 2309 ms
2025-01-08T20:55:20.929-03:00  WARN 134066 --- [mail-ms] [main] .s.s.UserDetailsServiceAutoConfiguration : 

Using generated security password: 79e85077-68f8-429d-9650-70a5002a2bf8

This generated password is for development use only. Your security configuration must be updated before running your application in production.

2025-01-08T20:55:20.957-03:00  INFO 134066 --- [mail-ms] [main] r$InitializeUserDetailsManagerConfigurer : Global AuthenticationManager configured with UserDetailsService bean with name inMemoryUserDetailsManager
2025-01-08T20:55:21.833-03:00  INFO 134066 --- [mail-ms] [main] o.s.b.w.embedded.tomcat.TomcatWebServer  : Tomcat started on port 8080 (http) with context path '/'
2025-01-08T20:55:21.843-03:00  INFO 134066 --- [mail-ms] [main] o.s.a.r.c.CachingConnectionFactory       : Attempting to connect to: [localhost:5672]
2025-01-08T20:55:21.929-03:00  INFO 134066 --- [mail-ms] [main] o.s.a.r.c.CachingConnectionFactory       : Created new connection: rabbitConnectionFactory#6af91cc8:0/SimpleConnection@2589d787 [delegate=amqp://guest@127.0.0.1:5672/, localPort=47678]
2025-01-08T20:55:21.946-03:00  INFO 134066 --- [mail-ms] [main] o.s.amqp.rabbit.core.RabbitAdmin         : Auto-declaring a non-durable, auto-delete, or exclusive Queue (emailQueue) durable:false, auto-delete:false, exclusive:false. It will be redeclared if the broker stops and is restarted while the connection factory is alive, but all messages will be lost.
2025-01-08T20:55:22.055-03:00  INFO 134066 --- [mail-ms] [main] c.h.mail_ms.mail_ms.MailMsApplication    : Started MailMsApplication in 5.277 seconds (process running for 5.981)
2025-01-08T20:55:24.710-03:00  INFO 134066 --- [mail-ms] [org.springframework.amqp.rabbit.RabbitListenerEndpointContainer#0-1] c.h.m.m.e.NotificationEventListener      : Reading message from queue...
2025-01-08T20:55:24.727-03:00 ERROR 134066 --- [mail-ms] [org.springframework.amqp.rabbit.RabbitListenerEndpointContainer#0-1] c.h.m.m.e.NotificationEventListener      :  asd
2025-01-08T20:59:05.299-03:00  INFO 134066 --- [mail-ms] [org.springframework.amqp.rabbit.RabbitListenerEndpointContainer#0-2] o.s.a.r.l.SimpleMessageListenerContainer : Waiting for workers to finish.
2025-01-08T20:59:05.808-03:00  INFO 134066 --- [mail-ms] [org.springframework.amqp.rabbit.RabbitListenerEndpointContainer#0-2] o.s.a.r.l.SimpleMessageListenerContainer : Successfully waited for workers to finish.
